
======================================STARTED======================================
Appliation Started.... | 2026-08-26 22:29:09.221687
Proccessed Email : 
---------------------------------------------------------------------------------
Email = nama@gmail.com 
Username = nama 
Domain = gmail.com
---------------------------------------------------------------------------------
 | 2026-08-26 22:29:09.222581
Appliation Stopped....
................................................................................. 

 | 2026-08-26 22:29:09.223409

======================================STARTED======================================
Appliation Started.... | 2026-08-26 22:29:11.712723
Invalid Email Recieved : namangmail.com | 2026-08-26 22:29:11.713596
Appliation Stopped....
................................................................................. 

 | 2026-08-26 22:29:11.714444

======================================STARTED======================================
Appliation Started.... | 2026-08-26 22:29:23.687634
Proccessed Email : 
---------------------------------------------------------------------------------
Email = NaMaN@GmAiL.CoM 
Username = NaMaN 
Domain = GmAiL.CoM
---------------------------------------------------------------------------------
 | 2026-08-26 22:29:23.689298
Appliation Stopped....
................................................................................. 

 | 2026-08-26 22:29:23.690378
